SmartMS command-line compiler, (c) 2016 The Smart Company AS
Building Tests\Success\ExternalSubclass.dws
[INFO] Building project ''...
[INFO] Compiling...
Warning: Incompatible types: "TSub" and "TSub2" [line: 42, column: 9]
[INFO] Generating JavaScript...
[INFO] Linking...
