SmartMS command-line compiler, (c) 2016 The Smart Company AS
Building Tests\Success\Hint.dws
[INFO] Building project ''...
[INFO] Compiling...
Warning: "Dummy" has been deprecated [line: 5, column: 3]
Warning: "Dummy" has been deprecated [line: 6, column: 1]
[INFO] Generating JavaScript...
[INFO] Linking...
