SmartMS command-line compiler, (c) 2016 The Smart Company AS
Building Success\Simple.dws
[INFO] Building project ''...
[INFO] Compiling...
[INFO] Generating JavaScript...
[INFO] Linking...
